GET /index.html HTTP/1.1
User-Agent: Wget/1.15 (linux-gnu)
Accept: */*
Host: 127.0.0.1:3000
Connection: Keep-Alive

00000000000000000000000000000000000000000000000000000000000000000000000000000000000000000000000000000000000000000000000000000000000000@	@